e:\myfile\importantdocuments\misaka\project\c++\llfcchat\chatapplication\ui_logindialog.h
e:\myfile\importantdocuments\misaka\project\c++\llfcchat\chatapplication\ui_mainwindow.h
e:\myfile\importantdocuments\misaka\project\c++\llfcchat\chatapplication\ui_registerdialog.h
e:\myfile\importantdocuments\misaka\project\c++\llfcchat\chatapplication\debug\qrc_re.cpp
e:\myfile\importantdocuments\misaka\project\c++\llfcchat\chatapplication\debug\moc_httpmgr.cpp
e:\myfile\importantdocuments\misaka\project\c++\llfcchat\chatapplication\debug\moc_logindialog.cpp
e:\myfile\importantdocuments\misaka\project\c++\llfcchat\chatapplication\debug\moc_mainwindow.cpp
e:\myfile\importantdocuments\misaka\project\c++\llfcchat\chatapplication\debug\moc_registerdialog.cpp
e:\myfile\importantdocuments\misaka\project\c++\llfcchat\chatapplication\debug\vc143.pdb
e:\myfile\importantdocuments\misaka\project\c++\llfcchat\chatapplication\debug\qrc_re.obj
e:\myfile\importantdocuments\misaka\project\c++\llfcchat\chatapplication\debug\logindialog.obj
e:\myfile\importantdocuments\misaka\project\c++\llfcchat\chatapplication\debug\registerdialog.obj
e:\myfile\importantdocuments\misaka\project\c++\llfcchat\chatapplication\debug\httpmgr.obj
e:\myfile\importantdocuments\misaka\project\c++\llfcchat\chatapplication\debug\global.obj
e:\myfile\importantdocuments\misaka\project\c++\llfcchat\chatapplication\debug\main.obj
e:\myfile\importantdocuments\misaka\project\c++\llfcchat\chatapplication\debug\mainwindow.obj
e:\myfile\importantdocuments\misaka\project\c++\llfcchat\chatapplication\debug\moc_logindialog.obj
e:\myfile\importantdocuments\misaka\project\c++\llfcchat\chatapplication\debug\moc_mainwindow.obj
e:\myfile\importantdocuments\misaka\project\c++\llfcchat\chatapplication\debug\moc_registerdialog.obj
e:\myfile\importantdocuments\misaka\project\c++\llfcchat\chatapplication\debug\moc_httpmgr.obj
e:\myfile\importantdocuments\misaka\project\c++\llfcchat\chatapplication\debug\moc_predefs.h
e:\myfile\importantdocuments\misaka\project\c++\llfcchat\chatapplication\bin\chatapplication.exe
e:\myfile\importantdocuments\misaka\project\c++\llfcchat\chatapplication\bin\chatapplication.pdb
e:\myfile\importantdocuments\misaka\project\c++\llfcchat\chatapplication\debug\chatapplication_resource.res
e:\myfile\importantdocuments\misaka\project\c++\llfcchat\chatapplication\bin\chatapplication.ilk
e:\myfile\importantdocuments\misaka\project\c++\llfcchat\chatapplication\debug\chatapplication.tlog\chatapplication.write.1u.tlog
e:\myfile\importantdocuments\misaka\project\c++\llfcchat\chatapplication\debug\chatapplication.tlog\cl.command.1.tlog
e:\myfile\importantdocuments\misaka\project\c++\llfcchat\chatapplication\debug\chatapplication.tlog\cl.items.tlog
e:\myfile\importantdocuments\misaka\project\c++\llfcchat\chatapplication\debug\chatapplication.tlog\cl.read.1.tlog
e:\myfile\importantdocuments\misaka\project\c++\llfcchat\chatapplication\debug\chatapplication.tlog\cl.write.1.tlog
e:\myfile\importantdocuments\misaka\project\c++\llfcchat\chatapplication\debug\chatapplication.tlog\custombuild.command.1.tlog
e:\myfile\importantdocuments\misaka\project\c++\llfcchat\chatapplication\debug\chatapplication.tlog\custombuild.read.1.tlog
e:\myfile\importantdocuments\misaka\project\c++\llfcchat\chatapplication\debug\chatapplication.tlog\custombuild.write.1.tlog
e:\myfile\importantdocuments\misaka\project\c++\llfcchat\chatapplication\debug\chatapplication.tlog\link.command.1.tlog
e:\myfile\importantdocuments\misaka\project\c++\llfcchat\chatapplication\debug\chatapplication.tlog\link.read.1.tlog
e:\myfile\importantdocuments\misaka\project\c++\llfcchat\chatapplication\debug\chatapplication.tlog\link.secondary.1.tlog
e:\myfile\importantdocuments\misaka\project\c++\llfcchat\chatapplication\debug\chatapplication.tlog\link.write.1.tlog
e:\myfile\importantdocuments\misaka\project\c++\llfcchat\chatapplication\debug\chatapplication.tlog\moc.read.1u.tlog
e:\myfile\importantdocuments\misaka\project\c++\llfcchat\chatapplication\debug\chatapplication.tlog\moc.write.1u.tlog
e:\myfile\importantdocuments\misaka\project\c++\llfcchat\chatapplication\debug\chatapplication.tlog\rc.command.1.tlog
e:\myfile\importantdocuments\misaka\project\c++\llfcchat\chatapplication\debug\chatapplication.tlog\rc.read.1.tlog
e:\myfile\importantdocuments\misaka\project\c++\llfcchat\chatapplication\debug\chatapplication.tlog\rc.write.1.tlog
e:\myfile\importantdocuments\misaka\project\c++\llfcchat\chatapplication\debug\chatapplication.tlog\rcc.read.1u.tlog
e:\myfile\importantdocuments\misaka\project\c++\llfcchat\chatapplication\debug\chatapplication.tlog\rcc.write.1u.tlog
e:\myfile\importantdocuments\misaka\project\c++\llfcchat\chatapplication\debug\chatapplication.tlog\uic.read.1u.tlog
e:\myfile\importantdocuments\misaka\project\c++\llfcchat\chatapplication\debug\chatapplication.tlog\uic.write.1u.tlog
