e:\myfile\importantdocuments\misaka\project\c++\llfcchat\gatesever\gatesever\x64\debug\vc143.pdb
e:\myfile\importantdocuments\misaka\project\c++\llfcchat\gatesever\gatesever\x64\debug\vc143.idb
e:\myfile\importantdocuments\misaka\project\c++\llfcchat\gatesever\gatesever\x64\debug\varifygrpcclient.obj
e:\myfile\importantdocuments\misaka\project\c++\llfcchat\gatesever\gatesever\x64\debug\redismgr.obj
e:\myfile\importantdocuments\misaka\project\c++\llfcchat\gatesever\gatesever\x64\debug\mysqlmgr.obj
e:\myfile\importantdocuments\misaka\project\c++\llfcchat\gatesever\gatesever\x64\debug\mysqldao.obj
e:\myfile\importantdocuments\misaka\project\c++\llfcchat\gatesever\gatesever\x64\debug\message.pb.obj
e:\myfile\importantdocuments\misaka\project\c++\llfcchat\gatesever\gatesever\x64\debug\message.grpc.pb.obj
e:\myfile\importantdocuments\misaka\project\c++\llfcchat\gatesever\gatesever\x64\debug\logicsystem.obj
e:\myfile\importantdocuments\misaka\project\c++\llfcchat\gatesever\gatesever\x64\debug\httpconnection.obj
e:\myfile\importantdocuments\misaka\project\c++\llfcchat\gatesever\gatesever\x64\debug\gatesever.obj
e:\myfile\importantdocuments\misaka\project\c++\llfcchat\gatesever\gatesever\x64\debug\cserver.obj
e:\myfile\importantdocuments\misaka\project\c++\llfcchat\gatesever\gatesever\x64\debug\configmgr.obj
e:\myfile\importantdocuments\misaka\project\c++\llfcchat\gatesever\gatesever\x64\debug\asioioservicepool.obj
e:\myfile\importantdocuments\misaka\project\c++\llfcchat\gatesever\x64\debug\gatesever.exe
e:\myfile\importantdocuments\misaka\project\c++\llfcchat\gatesever\x64\debug\gatesever.pdb
e:\myfile\importantdocuments\misaka\project\c++\llfcchat\gatesever\gatesever\x64\debug\gatesever.ilk
e:\myfile\importantdocuments\misaka\project\c++\llfcchat\gatesever\gatesever\x64\debug\gatesever.tlog\cl.command.1.tlog
e:\myfile\importantdocuments\misaka\project\c++\llfcchat\gatesever\gatesever\x64\debug\gatesever.tlog\cl.items.tlog
e:\myfile\importantdocuments\misaka\project\c++\llfcchat\gatesever\gatesever\x64\debug\gatesever.tlog\cl.read.1.tlog
e:\myfile\importantdocuments\misaka\project\c++\llfcchat\gatesever\gatesever\x64\debug\gatesever.tlog\cl.write.1.tlog
e:\myfile\importantdocuments\misaka\project\c++\llfcchat\gatesever\gatesever\x64\debug\gatesever.tlog\link.command.1.tlog
e:\myfile\importantdocuments\misaka\project\c++\llfcchat\gatesever\gatesever\x64\debug\gatesever.tlog\link.read.1.tlog
e:\myfile\importantdocuments\misaka\project\c++\llfcchat\gatesever\gatesever\x64\debug\gatesever.tlog\link.secondary.1.tlog
e:\myfile\importantdocuments\misaka\project\c++\llfcchat\gatesever\gatesever\x64\debug\gatesever.tlog\link.write.1.tlog
